  S0     S1     E      O      M     CCS    YGC     YGCT     FGC    FGCT     CGC    CGCT       GCT   
     -      -   0.00 100.00  98.15  91.76  58029    71.851 114881 491226.576   242     0.342 491298.769
     -      -   0.00 100.00  98.15  91.76  58030    71.853 114882 491231.942   242     0.342 491304.137
     -      -   0.00 100.00  98.15  91.76  58030    71.853 114882 491231.942   242     0.342 491304.137
     -      -   0.00 100.00  98.15  91.76  58030    71.853 114883 491235.666   242     0.342 491307.860
     -      -   0.00 100.00  98.15  91.76  58030    71.853 114883 491235.666   242     0.342 491307.860
     -      -   0.00 100.00  98.15  91.76  58030    71.853 114883 491235.666   242     0.342 491307.860
     -      -   0.00 100.00  98.15  91.76  58031    71.854 114884 491240.767   242     0.342 491312.962
     -      -   0.00 100.00  98.15  91.76  58031    71.854 114884 491240.767   242     0.342 491312.962
  S0     S1     E      O      M     CCS    YGC     YGCT     FGC    FGCT     CGC    CGCT       GCT    LGCC                 GCC                 
     -      -   0.00 100.00  98.15  91.76  58031    71.854 114885 491244.482   242     0.342 491316.678 G1 Evacuation Pause  G1 Compaction Pause 
     -      -   0.00 100.00  98.15  91.76  58031    71.854 114885 491244.482   242     0.342 491316.678 G1 Evacuation Pause  G1 Compaction Pause 
     -      -   0.00 100.00  98.15  91.76  58031    71.854 114885 491244.482   242     0.342 491316.678 G1 Evacuation Pause  G1 Compaction Pause 
     -      -   0.00 100.00  98.15  91.76  58032    71.855 114886 491249.801   242     0.342 491321.997 G1 Evacuation Pause  G1 Compaction Pause 
     -      -   0.00 100.00  98.15  91.76  58032    71.855 114886 491249.801   242     0.342 491321.997 G1 Evacuation Pause  G1 Compaction Pause 
    S0C         S1C         S0U         S1U          EC           EU           OC           OU          MC         MU       CCSC      CCSU     YGC     YGCT     FGC    FGCT     CGC    CGCT       GCT   
        0.0         0.0         0.0         0.0       2048.0          0.0    3051520.0    3051505.1    13568.0    13317.5    1408.0    1291.9  58032    71.855 114886 491249.801   242     0.342 491321.997
        0.0         0.0         0.0         0.0       2048.0          0.0    3051520.0    3051505.1    13568.0    13317.5    1408.0    1291.9  58032    71.855 114887 491253.709   242     0.342 491325.906
        0.0         0.0         0.0         0.0       2048.0          0.0    3051520.0    3051505.1    13568.0    13317.5    1408.0    1291.9  58032    71.855 114887 491253.709   242     0.342 491325.906
        0.0         0.0         0.0         0.0       2048.0          0.0    3051520.0    3051505.1    13568.0    13317.5    1408.0    1291.9  58033    71.857 114888 491258.811   242     0.342 491331.009
        0.0         0.0         0.0         0.0       2048.0          0.0    3051520.0    3051505.1    13568.0    13317.5    1408.0    1291.9  58033    71.857 114888 491258.811   242     0.342 491331.009
=== per-thread CPU from /proc ===
48627897 26842 (GC Thread#1) 0 48627897
48626021 26820 (GC Thread#0) 0 48626021
192072 36615 (DB-WRITER) S 90122 101950
41894 26822 (G1 Conc#0) 0 41894
28265 36613 (BUY-THREAD) S 20417 7848
10570 26828 (VM Thread) 0 10570
4236 26824 (G1 Refine#0) 0 4236
2624 26849 (pool-3-thread-1) S 2524 100
2241 26833 (Monitor Deflati) 0 2241
565 26834 (C2 CompilerThre) 0 565
421 26825 (G1 Service) 0 421
204 26844 (connectionLostC) S 141 63
203 26837 (Common-Cleaner) S 141 62
179 26835 (C1 CompilerThre) 0 179
48 26819 (java) S 44 4
25 26843 (WebSocketSelect) S 11 14
9 48683 (pool-2-thread-6) S 9 0
2 36612 (pool-2-thread-3) S 2 0
2 26845 (WebSocketWorker) S 2 0
0 48685 (pool-2-thread-7) S 0 0
curl: (28) Operation timed out after 3002 milliseconds with 0 bytes received
curl: (28) Operation timed out after 3002 milliseconds with 0 bytes received
=== Timeline of key events ===
1:Jul 01 15:46:07 orion-dev systemd[1]: Started binance-trading-engine.service - Binance Trading Engine Simulator (Port 8092/8093).
2:Jul 01 15:46:08 orion-dev java[26810]: [DB] Connected to MySQL: binance_test_db
6:Jul 01 15:46:08 orion-dev java[26810]: [WS] WebSocket server started on port 8093
12:Jul 01 15:46:08 orion-dev java[26810]:   Engine    : STOPPED — press RUN in the UI to start
25:Jul 08 22:57:49 orion-dev java[26810]: Exception: java.lang.OutOfMemoryError thrown from the UncaughtExceptionHandler in thread "idle-timeout-task"
26:Jul 08 22:58:49 orion-dev java[26810]: Exception: java.lang.OutOfMemoryError thrown from the UncaughtExceptionHandler in thread "mysql-cj-abandoned-connection-cleanup"
27:Jul 08 22:59:23 orion-dev java[26810]: Exception: java.lang.OutOfMemoryError thrown from the UncaughtExceptionHandler in thread "SELL-THREAD"
28:Jul 08 23:00:14 orion-dev java[26810]: Exception: java.lang.OutOfMemoryError thrown from the UncaughtExceptionHandler in thread "HTTP-Dispatcher"
30:Jul 09 17:50:02 orion-dev java[26810]: java.lang.OutOfMemoryError: Java heap space
32:Jul 09 17:51:05 orion-dev java[26810]: java.lang.OutOfMemoryError: Java heap space
54:Jul 09 17:51:14 orion-dev java[26810]:    java.lang.Thread.State: RUNNABLE
70:Jul 09 17:51:14 orion-dev java[26810]:    java.lang.Thread.State: RUNNABLE
72:Jul 09 17:51:14 orion-dev java[26810]:    java.lang.Thread.State: RUNNABLE
74:Jul 09 17:51:14 orion-dev java[26810]:    java.lang.Thread.State: RUNNABLE
76:Jul 09 17:51:14 orion-dev java[26810]:    java.lang.Thread.State: RUNNABLE
79:Jul 09 17:51:14 orion-dev java[26810]:    java.lang.Thread.State: RUNNABLE
82:Jul 09 17:51:14 orion-dev java[26810]:    java.lang.Thread.State: RUNNABLE
96:Jul 09 17:51:14 orion-dev java[26810]:    java.lang.Thread.State: RUNNABLE
107:Jul 09 17:51:14 orion-dev java[26810]:    java.lang.Thread.State: RUNNABLE
140:Jul 09 17:51:14 orion-dev java[26810]:    java.lang.Thread.State: RUNNABLE
195:Jul 09 17:51:14 orion-dev java[26810]: "BUY-THREAD" #31 [36613] daemon prio=5 os_prio=0 cpu=280993.90ms elapsed=629535.83s tid=0x0000e51bac00b5b0 nid=36613 waiting on condition  [0x0000e51b77806000]
202:Jul 09 17:51:14 orion-dev java[26810]:         at com.binance.trading.engine.TradingEngine.lambda$start$0(TradingEngine.java:73)
207:Jul 09 17:51:14 orion-dev java[26810]:    java.lang.Thread.State: RUNNABLE
286:Jul 09 17:51:40 orion-dev java[26810]:  garbage-first heap   total 3053568K, used 3051505K [0x0000000745a00000, 0x0000000800000000)
311:Jul 09 17:51:40 orion-dev java[26810]:    java.lang.Thread.State: RUNNABLE
327:Jul 09 17:51:40 orion-dev java[26810]:    java.lang.Thread.State: RUNNABLE
329:Jul 09 17:51:40 orion-dev java[26810]:    java.lang.Thread.State: RUNNABLE
331:Jul 09 17:51:40 orion-dev java[26810]:    java.lang.Thread.State: RUNNABLE
333:Jul 09 17:51:40 orion-dev java[26810]:    java.lang.Thread.State: RUNNABLE
336:Jul 09 17:51:40 orion-dev java[26810]:    java.lang.Thread.State: RUNNABLE
339:Jul 09 17:51:40 orion-dev java[26810]:    java.lang.Thread.State: RUNNABLE
353:Jul 09 17:51:40 orion-dev java[26810]:    java.lang.Thread.State: RUNNABLE
364:Jul 09 17:51:40 orion-dev java[26810]:    java.lang.Thread.State: RUNNABLE
397:Jul 09 17:51:40 orion-dev java[26810]:    java.lang.Thread.State: RUNNABLE
452:Jul 09 17:51:40 orion-dev java[26810]: "BUY-THREAD" #31 [36613] daemon prio=5 os_prio=0 cpu=280994.02ms elapsed=629562.14s tid=0x0000e51bac00b5b0 nid=36613 waiting on condition  [0x0000e51b77806000]
459:Jul 09 17:51:40 orion-dev java[26810]:         at com.binance.trading.engine.TradingEngine.lambda$start$0(TradingEngine.java:73)
544:Jul 09 17:52:06 orion-dev java[26810]:  garbage-first heap   total 3053568K, used 3051505K [0x0000000745a00000, 0x0000000800000000)
569:Jul 09 17:52:06 orion-dev java[26810]:    java.lang.Thread.State: RUNNABLE
585:Jul 09 17:52:06 orion-dev java[26810]:    java.lang.Thread.State: RUNNABLE
587:Jul 09 17:52:06 orion-dev java[26810]:    java.lang.Thread.State: RUNNABLE
589:Jul 09 17:52:06 orion-dev java[26810]:    java.lang.Thread.State: RUNNABLE
591:Jul 09 17:52:06 orion-dev java[26810]:    java.lang.Thread.State: RUNNABLE
594:Jul 09 17:52:06 orion-dev java[26810]:    java.lang.Thread.State: RUNNABLE
597:Jul 09 17:52:06 orion-dev java[26810]:    java.lang.Thread.State: RUNNABLE
611:Jul 09 17:52:06 orion-dev java[26810]:    java.lang.Thread.State: RUNNABLE
622:Jul 09 17:52:06 orion-dev java[26810]:    java.lang.Thread.State: RUNNABLE
655:Jul 09 17:52:06 orion-dev java[26810]:    java.lang.Thread.State: RUNNABLE
710:Jul 09 17:52:06 orion-dev java[26810]: "BUY-THREAD" #31 [36613] daemon prio=5 os_prio=0 cpu=280994.12ms elapsed=629588.04s tid=0x0000e51bac00b5b0 nid=36613 waiting on condition  [0x0000e51b77806000]
717:Jul 09 17:52:06 orion-dev java[26810]:         at com.binance.trading.engine.TradingEngine.lambda$start$0(TradingEngine.java:73)
722:Jul 09 17:52:06 orion-dev java[26810]:    java.lang.Thread.State: RUNNABLE
801:Jul 09 17:52:24 orion-dev java[26810]:  garbage-first heap   total 3053568K, used 3051505K [0x0000000745a00000, 0x0000000800000000)
826:Jul 09 17:52:24 orion-dev java[26810]:    java.lang.Thread.State: RUNNABLE
842:Jul 09 17:52:24 orion-dev java[26810]:    java.lang.Thread.State: RUNNABLE
844:Jul 09 17:52:24 orion-dev java[26810]:    java.lang.Thread.State: RUNNABLE
846:Jul 09 17:52:24 orion-dev java[26810]:    java.lang.Thread.State: RUNNABLE
848:Jul 09 17:52:24 orion-dev java[26810]:    java.lang.Thread.State: RUNNABLE
851:Jul 09 17:52:24 orion-dev java[26810]:    java.lang.Thread.State: RUNNABLE
854:Jul 09 17:52:24 orion-dev java[26810]:    java.lang.Thread.State: RUNNABLE
856:Jul 09 17:52:24 orion-dev java[26810]:    java.lang.Thread.State: RUNNABLE
867:Jul 09 17:52:24 orion-dev java[26810]:    java.lang.Thread.State: RUNNABLE
968:Jul 09 17:52:24 orion-dev java[26810]: "BUY-THREAD" #31 [36613] daemon prio=5 os_prio=0 cpu=280994.18ms elapsed=629605.54s tid=0x0000e51bac00b5b0 nid=36613 waiting on condition  [0x0000e51b77806000]
975:Jul 09 17:52:24 orion-dev java[26810]:         at com.binance.trading.engine.TradingEngine.lambda$start$0(TradingEngine.java:73)
980:Jul 09 17:52:24 orion-dev java[26810]:    java.lang.Thread.State: RUNNABLE
1059:Jul 09 17:53:08 orion-dev java[26810]:  garbage-first heap   total 3053568K, used 3051505K [0x0000000745a00000, 0x0000000800000000)
1084:Jul 09 17:53:08 orion-dev java[26810]:    java.lang.Thread.State: RUNNABLE
1100:Jul 09 17:53:08 orion-dev java[26810]:    java.lang.Thread.State: RUNNABLE
1102:Jul 09 17:53:08 orion-dev java[26810]:    java.lang.Thread.State: RUNNABLE
1104:Jul 09 17:53:08 orion-dev java[26810]:    java.lang.Thread.State: RUNNABLE
1106:Jul 09 17:53:08 orion-dev java[26810]:    java.lang.Thread.State: RUNNABLE
1109:Jul 09 17:53:08 orion-dev java[26810]:    java.lang.Thread.State: RUNNABLE
1112:Jul 09 17:53:08 orion-dev java[26810]:    java.lang.Thread.State: RUNNABLE
1126:Jul 09 17:53:08 orion-dev java[26810]:    java.lang.Thread.State: RUNNABLE
1137:Jul 09 17:53:08 orion-dev java[26810]:    java.lang.Thread.State: RUNNABLE
1170:Jul 09 17:53:08 orion-dev java[26810]:    java.lang.Thread.State: RUNNABLE
1225:Jul 09 17:53:08 orion-dev java[26810]: "BUY-THREAD" #31 [36613] daemon prio=5 os_prio=0 cpu=280994.34ms elapsed=629650.08s tid=0x0000e51bac00b5b0 nid=36613 waiting on condition  [0x0000e51b77806000]
1232:Jul 09 17:53:08 orion-dev java[26810]:         at com.binance.trading.engine.TradingEngine.lambda$start$0(TradingEngine.java:73)
1317:Jul 09 17:53:35 orion-dev java[26810]:  garbage-first heap   total 3053568K, used 3051505K [0x0000000745a00000, 0x0000000800000000)
1342:Jul 09 17:53:35 orion-dev java[26810]:    java.lang.Thread.State: RUNNABLE
1358:Jul 09 17:53:35 orion-dev java[26810]:    java.lang.Thread.State: RUNNABLE
1360:Jul 09 17:53:35 orion-dev java[26810]:    java.lang.Thread.State: RUNNABLE
ERROR 1045 (28000): Access denied for user 'ubuntu'@'localhost' (using password: NO)
